03/07/2026 21:36:49:Removing old files
03/07/2026 21:36:49:slftp.history does not exist
03/07/2026 21:36:49:slftp.news does not exist
03/07/2026 21:36:49:Found and Removed slftp.log
03/07/2026 21:36:49:slftp.speedstats does not exist
03/07/2026 21:36:49:slftp.kb does not exist
03/07/2026 21:36:49:stats.db does not exist
03/07/2026 21:37:25:Restarting slftp
03/07/2026 21:37:25:slftp was not found running...
03/07/2026 21:37:25:Starting slftp now
03/07/2026 21:37:25:Restarting slftp
03/07/2026 21:37:25:slftp was not found running...
03/07/2026 21:37:25:Starting slftp now
03/07/2026 23:18:19:Restarting slftp
03/07/2026 23:18:19:slftp was not found running...
03/07/2026 23:18:19:Starting slftp now
03/07/2026 23:18:19:Restarting slftp
03/07/2026 23:18:19:slftp was not found running...
03/07/2026 23:18:19:Starting slftp now
04/07/2026 12:10:36:Restarting slftp
04/07/2026 12:10:36:slftp was not found running...
04/07/2026 12:10:36:Starting slftp now
04/07/2026 12:10:36:Restarting slftp
04/07/2026 12:10:36:slftp was not found running...
04/07/2026 12:10:36:Starting slftp now
04/07/2026 12:13:43:Restarting slftp
04/07/2026 12:13:43:slftp was not found running...
04/07/2026 12:13:43:Starting slftp now
04/07/2026 12:13:52:Restarting slftp
04/07/2026 12:13:52:slftp was not found running...
04/07/2026 12:13:53:Starting slftp now
04/07/2026 12:13:53:Restarting slftp
04/07/2026 12:13:53:slftp was not found running...
04/07/2026 12:13:53:Starting slftp now
